INFO     2025-01-16 16:13:02.675 request id: app - logging:callHandlers - Started server process [8080]
INFO     2025-01-16 16:13:02.675 request id: app - logging:callHandlers - Started server process [8080]
INFO     2025-01-16 16:13:02.675 request id: app - logging:callHandlers - Waiting for application startup.
INFO     2025-01-16 16:13:02.675 request id: app - logging:callHandlers - Waiting for application startup.
INFO     2025-01-16 16:13:02.675 request id: app - logging:callHandlers - Application startup complete.
INFO     2025-01-16 16:13:02.675 request id: app - logging:callHandlers - Application startup complete.
INFO     2025-01-16 16:13:02.675 request id: app - logging:callHandlers - Uvicorn running on http://0.0.0.0:8001 (Press CTRL+C to quit)
INFO     2025-01-16 16:13:02.675 request id: app - logging:callHandlers - Uvicorn running on http://0.0.0.0:8001 (Press CTRL+C to quit)
INFO     2025-01-16 16:29:51.385 request id: app - logging:callHandlers - Started server process [7516]
INFO     2025-01-16 16:29:51.385 request id: app - logging:callHandlers - Started server process [7516]
INFO     2025-01-16 16:29:51.387 request id: app - logging:callHandlers - Waiting for application startup.
INFO     2025-01-16 16:29:51.388 request id: app - logging:callHandlers - Waiting for application startup.
INFO     2025-01-16 16:29:51.391 request id: app - logging:callHandlers - Application startup complete.
INFO     2025-01-16 16:29:51.392 request id: app - logging:callHandlers - Application startup complete.
INFO     2025-01-16 16:31:35.405 request id: app - logging:callHandlers - Shutting down
INFO     2025-01-16 16:31:35.405 request id: app - logging:callHandlers - Shutting down
INFO     2025-01-16 16:31:35.515 request id: app - logging:callHandlers - Waiting for application shutdown.
INFO     2025-01-16 16:31:35.515 request id: app - logging:callHandlers - Waiting for application shutdown.
INFO     2025-01-16 16:31:35.515 request id: app - logging:callHandlers - Application shutdown complete.
INFO     2025-01-16 16:31:35.515 request id: app - logging:callHandlers - Application shutdown complete.
INFO     2025-01-16 16:31:35.515 request id: app - logging:callHandlers - Finished server process [7516]
INFO     2025-01-16 16:31:35.515 request id: app - logging:callHandlers - Finished server process [7516]
INFO     2025-01-16 16:31:57.868 request id: app - logging:callHandlers - Started server process [9100]
INFO     2025-01-16 16:31:57.868 request id: app - logging:callHandlers - Started server process [9100]
INFO     2025-01-16 16:31:57.868 request id: app - logging:callHandlers - Waiting for application startup.
INFO     2025-01-16 16:31:57.868 request id: app - logging:callHandlers - Waiting for application startup.
INFO     2025-01-16 16:31:57.868 request id: app - logging:callHandlers - Application startup complete.
INFO     2025-01-16 16:31:57.868 request id: app - logging:callHandlers - Application startup complete.
INFO     2025-01-16 16:32:52.238 request id: app - logging:callHandlers - Started server process [1568]
INFO     2025-01-16 16:32:52.238 request id: app - logging:callHandlers - Started server process [1568]
INFO     2025-01-16 16:32:52.238 request id: app - logging:callHandlers - Waiting for application startup.
INFO     2025-01-16 16:32:52.238 request id: app - logging:callHandlers - Waiting for application startup.
INFO     2025-01-16 16:32:52.238 request id: app - logging:callHandlers - Application startup complete.
INFO     2025-01-16 16:32:52.238 request id: app - logging:callHandlers - Application startup complete.
INFO     2025-01-16 16:32:55.987 request id: app - logging:callHandlers - 127.0.0.1:52937 - "GET / HTTP/1.1" 404
INFO     2025-01-16 16:32:59.403 request id: app - logging:callHandlers - 127.0.0.1:52937 - "GET /docs HTTP/1.1" 200
INFO     2025-01-16 16:32:59.740 request id: app - logging:callHandlers - 127.0.0.1:52937 - "GET /openapi.json HTTP/1.1" 200
INFO     2025-01-16 16:32:59.872 request id: app - logging:callHandlers - 127.0.0.1:52937 - "GET /favicon.ico HTTP/1.1" 404
INFO     2025-01-16 16:41:34.365 request id: app - logging:callHandlers - Shutting down
INFO     2025-01-16 16:41:34.365 request id: app - logging:callHandlers - Shutting down
INFO     2025-01-16 16:41:34.481 request id: app - logging:callHandlers - Waiting for application shutdown.
INFO     2025-01-16 16:41:34.481 request id: app - logging:callHandlers - Waiting for application shutdown.
INFO     2025-01-16 16:41:34.484 request id: app - logging:callHandlers - Application shutdown complete.
INFO     2025-01-16 16:41:34.485 request id: app - logging:callHandlers - Application shutdown complete.
INFO     2025-01-16 16:41:34.485 request id: app - logging:callHandlers - Finished server process [1568]
INFO     2025-01-16 16:41:34.486 request id: app - logging:callHandlers - Finished server process [1568]
INFO     2025-01-16 16:41:36.270 request id: app - logging:callHandlers - Started server process [7860]
INFO     2025-01-16 16:41:36.270 request id: app - logging:callHandlers - Started server process [7860]
INFO     2025-01-16 16:41:36.270 request id: app - logging:callHandlers - Waiting for application startup.
INFO     2025-01-16 16:41:36.270 request id: app - logging:callHandlers - Waiting for application startup.
INFO     2025-01-16 16:41:36.270 request id: app - logging:callHandlers - Application startup complete.
INFO     2025-01-16 16:41:36.270 request id: app - logging:callHandlers - Application startup complete.
INFO     2025-01-16 16:44:13.816 request id: app - logging:callHandlers - Shutting down
INFO     2025-01-16 16:44:13.816 request id: app - logging:callHandlers - Shutting down
INFO     2025-01-16 16:44:13.916 request id: app - logging:callHandlers - Waiting for application shutdown.
INFO     2025-01-16 16:44:13.916 request id: app - logging:callHandlers - Waiting for application shutdown.
INFO     2025-01-16 16:44:13.916 request id: app - logging:callHandlers - Application shutdown complete.
INFO     2025-01-16 16:44:13.916 request id: app - logging:callHandlers - Application shutdown complete.
INFO     2025-01-16 16:44:13.916 request id: app - logging:callHandlers - Finished server process [7860]
INFO     2025-01-16 16:44:13.916 request id: app - logging:callHandlers - Finished server process [7860]
